[{'max_kvpr': 0.05782312925170068, 'execution_time': 0.0003323554992675781}, {'max_kvpr': 0.0453781512605042, 'execution_time': 0.0002205371856689453}, {'max_kvpr': 0.0373015873015873, 'execution_time': 0.0002541542053222656}, {'max_kvpr': 0.041666666666666664, 'execution_time': 0.00013327598571777344}, {'max_kvpr': 0.05555555555555555, 'execution_time': 0.00018644332885742188}, {'max_kvpr': 0.045058883768561195, 'execution_time': 0.0001246929168701172}, {'max_kvpr': 0.04464285714285714, 'execution_time': 0.00011539459228515625}, {'max_kvpr': 0.03914141414141414, 'execution_time': 0.00010251998901367188}, {'max_kvpr': 0.03229166666666666, 'execution_time': 0.00011014938354492188}, {'max_kvpr': 0.04597701149425287, 'execution_time': 0.00020265579223632812}, {'max_kvpr': 0.05761316872427984, 'execution_time': 0.00016236305236816406}, {'max_kvpr': 0.042682926829268296, 'execution_time': 0.000118255615234375}, {'max_kvpr': 0.06164874551971326, 'execution_time': 0.00010585784912109375}, {'max_kvpr': 0.06492063492063492, 'execution_time': 9.465217590332031e-05}, {'max_kvpr': 0.04935897435897436, 'execution_time': 9.465217590332031e-05}, {'max_kvpr': 0.04055555555555555, 'execution_time': 0.00010895729064941406}, {'max_kvpr': 0.052083333333333336, 'execution_time': 0.000171661376953125}, {'max_kvpr': 0.056862745098039215, 'execution_time': 0.0001461505889892578}, {'max_kvpr': 0.04607843137254902, 'execution_time': 0.00010752677917480469}, {'max_kvpr': 0.05197132616487456, 'execution_time': 9.5367431640625e-05}, {'max_kvpr': 0.06558641975308642, 'execution_time': 0.00010991096496582031}, {'max_kvpr': 0.04583333333333333, 'execution_time': 0.00010991096496582031}, {'max_kvpr': 0.02892857142857143, 'execution_time': 9.989738464355469e-05}, {'max_kvpr': 0.03746031746031746, 'execution_time': 0.0001647472381591797}, {'max_kvpr': 0.05316091954022989, 'execution_time': 0.00015616416931152344}, {'max_kvpr': 0.05384615384615385, 'execution_time': 0.00011277198791503906}, {'max_kvpr': 0.0369047619047619, 'execution_time': 0.00011086463928222656}, {'max_kvpr': 0.06798029556650245, 'execution_time': 0.00010132789611816406}, {'max_kvpr': 0.04377104377104377, 'execution_time': 0.00011992454528808594}, {'max_kvpr': 0.0586734693877551, 'execution_time': 0.00017309188842773438}, {'max_kvpr': 0.0421455938697318, 'execution_time': 0.0001220703125}, {'max_kvpr': 0.04183006535947712, 'execution_time': 0.0001735687255859375}, {'max_kvpr': 0.02837902837902838, 'execution_time': 0.00013017654418945312}, {'max_kvpr': 0.05793650793650794, 'execution_time': 0.00011086463928222656}, {'max_kvpr': 0.043055555555555555, 'execution_time': 9.679794311523438e-05}, {'max_kvpr': 0.05797101449275362, 'execution_time': 0.00011229515075683594}, {'max_kvpr': 0.035577449370552815, 'execution_time': 0.00010132789611816406}, {'max_kvpr': 0.04504608294930875, 'execution_time': 0.0001418590545654297}, {'max_kvpr': 0.04473304473304473, 'execution_time': 0.00013208389282226562}, {'max_kvpr': 0.0533008658008658, 'execution_time': 0.00016355514526367188}, {'max_kvpr': 0.04679802955665025, 'execution_time': 0.00011324882507324219}, {'max_kvpr': 0.05811965811965812, 'execution_time': 0.0001277923583984375}, {'max_kvpr': 0.043209876543209874, 'execution_time': 0.00013136863708496094}, {'max_kvpr': 0.05064102564102564, 'execution_time': 0.0001614093780517578}, {'max_kvpr': 0.0673076923076923, 'execution_time': 0.0001239776611328125}, {'max_kvpr': 0.04097222222222222, 'execution_time': 0.0001227855682373047}, {'max_kvpr': 0.04301075268817204, 'execution_time': 0.00010538101196289062}, {'max_kvpr': 0.042606516290726815, 'execution_time': 0.00010323524475097656}, {'max_kvpr': 0.04372427983539095, 'execution_time': 0.00012159347534179688}, {'max_kvpr': 0.04618055555555555, 'execution_time': 0.00011849403381347656}]
Placement 0: Error - _greedy() missing 1 required positional argument: 'order'
Placement 1: Error - _greedy() missing 1 required positional argument: 'order'
Placement 2: Error - _greedy() missing 1 required positional argument: 'order'
Placement 3: Error - _greedy() missing 1 required positional argument: 'order'
Placement 4: Error - _greedy() missing 1 required positional argument: 'order'
Placement 5: Error - _greedy() missing 1 required positional argument: 'order'
Placement 6: Error - _greedy() missing 1 required positional argument: 'order'
Placement 7: Error - _greedy() missing 1 required positional argument: 'order'
Placement 8: Error - _greedy() missing 1 required positional argument: 'order'
Placement 9: Error - _greedy() missing 1 required positional argument: 'order'
Placement 10: Error - _greedy() missing 1 required positional argument: 'order'
Placement 11: Error - _greedy() missing 1 required positional argument: 'order'
Placement 12: Error - _greedy() missing 1 required positional argument: 'order'
Placement 13: Error - _greedy() missing 1 required positional argument: 'order'
Placement 14: Error - _greedy() missing 1 required positional argument: 'order'
Placement 15: Error - _greedy() missing 1 required positional argument: 'order'
Placement 16: Error - _greedy() missing 1 required positional argument: 'order'
Placement 17: Error - _greedy() missing 1 required positional argument: 'order'
Placement 18: Error - _greedy() missing 1 required positional argument: 'order'
Placement 19: Error - _greedy() missing 1 required positional argument: 'order'
Placement 20: Error - _greedy() missing 1 required positional argument: 'order'
Placement 21: Error - _greedy() missing 1 required positional argument: 'order'
Placement 22: Error - _greedy() missing 1 required positional argument: 'order'
Placement 23: Error - _greedy() missing 1 required positional argument: 'order'
Placement 24: Error - _greedy() missing 1 required positional argument: 'order'
Placement 25: Error - _greedy() missing 1 required positional argument: 'order'
Placement 26: Error - _greedy() missing 1 required positional argument: 'order'
Placement 27: Error - _greedy() missing 1 required positional argument: 'order'
Placement 28: Error - _greedy() missing 1 required positional argument: 'order'
Placement 29: Error - _greedy() missing 1 required positional argument: 'order'
Placement 30: Error - _greedy() missing 1 required positional argument: 'order'
Placement 31: Error - _greedy() missing 1 required positional argument: 'order'
Placement 32: Error - _greedy() missing 1 required positional argument: 'order'
Placement 33: Error - _greedy() missing 1 required positional argument: 'order'
Placement 34: Error - _greedy() missing 1 required positional argument: 'order'
Placement 35: Error - _greedy() missing 1 required positional argument: 'order'
Placement 36: Error - _greedy() missing 1 required positional argument: 'order'
Placement 37: Error - _greedy() missing 1 required positional argument: 'order'
Placement 38: Error - _greedy() missing 1 required positional argument: 'order'
Placement 39: Error - _greedy() missing 1 required positional argument: 'order'
Placement 40: Error - _greedy() missing 1 required positional argument: 'order'
Placement 41: Error - _greedy() missing 1 required positional argument: 'order'
Placement 42: Error - _greedy() missing 1 required positional argument: 'order'
Placement 43: Error - _greedy() missing 1 required positional argument: 'order'
Placement 44: Error - _greedy() missing 1 required positional argument: 'order'
Placement 45: Error - _greedy() missing 1 required positional argument: 'order'
Placement 46: Error - _greedy() missing 1 required positional argument: 'order'
Placement 47: Error - _greedy() missing 1 required positional argument: 'order'
Placement 48: Error - _greedy() missing 1 required positional argument: 'order'
Placement 49: Error - _greedy() missing 1 required positional argument: 'order'
Placement 1: Error - float division by zero
Placement 3: Error - float division by zero
Placement 23: Error - float division by zero
Placement 24: Error - float division by zero
Placement 27: Error - float division by zero
Placement 35: Error - float division by zero
Placement 46: Error - float division by zero
[{'max_kvpr': 0.046590909090909086, 'execution_time': 0.0006098747253417969}, {'max_kvpr': 0.03663003663003663, 'execution_time': 0.0003464221954345703}, {'max_kvpr': 0.036375661375661374, 'execution_time': 0.00038909912109375}, {'max_kvpr': 0.03556910569105691, 'execution_time': 0.0004181861877441406}, {'max_kvpr': 0.043853820598006646, 'execution_time': 0.0003178119659423828}, {'max_kvpr': 0.038345864661654135, 'execution_time': 0.0002048015594482422}, {'max_kvpr': 0.029761904761904764, 'execution_time': 0.0002243518829345703}, {'max_kvpr': 0.036585365853658534, 'execution_time': 0.0004553794860839844}, {'max_kvpr': 0.04891304347826087, 'execution_time': 0.00021719932556152344}, {'max_kvpr': 0.042682926829268296, 'execution_time': 0.0004127025604248047}, {'max_kvpr': 0.0637037037037037, 'execution_time': 0.0003898143768310547}, {'max_kvpr': 0.05380952380952381, 'execution_time': 0.0002181529998779297}, {'max_kvpr': 0.04, 'execution_time': 0.00020432472229003906}, {'max_kvpr': 0.03017241379310345, 'execution_time': 0.0003268718719482422}, {'max_kvpr': 0.046875, 'execution_time': 0.00022149085998535156}, {'max_kvpr': 0.0554054054054054, 'execution_time': 0.0003027915954589844}, {'max_kvpr': 0.045299145299145305, 'execution_time': 0.00030112266540527344}, {'max_kvpr': 0.04945054945054945, 'execution_time': 0.0002422332763671875}, {'max_kvpr': 0.046085858585858584, 'execution_time': 0.00034046173095703125}, {'max_kvpr': 0.043809523809523805, 'execution_time': 0.00032448768615722656}, {'max_kvpr': 0.024289405684754517, 'execution_time': 0.00025272369384765625}, {'max_kvpr': 0.051700680272108834, 'execution_time': 0.000308990478515625}, {'max_kvpr': 0.0369047619047619, 'execution_time': 0.0004134178161621094}, {'max_kvpr': 0.04377104377104377, 'execution_time': 0.0005483627319335938}, {'max_kvpr': 0.05021367521367521, 'execution_time': 0.0005469322204589844}, {'max_kvpr': 0.04208754208754208, 'execution_time': 0.00035691261291503906}, {'max_kvpr': 0.03949579831932773, 'execution_time': 0.00027632713317871094}, {'max_kvpr': 0.02600472813238771, 'execution_time': 0.0002162456512451172}, {'max_kvpr': 0.05703703703703704, 'execution_time': 0.0002665519714355469}, {'max_kvpr': 0.03506493506493506, 'execution_time': 0.00022339820861816406}, {'max_kvpr': 0.035577449370552815, 'execution_time': 0.0002789497375488281}, {'max_kvpr': 0.04, 'execution_time': 0.00039768218994140625}, {'max_kvpr': 0.045, 'execution_time': 0.0003497600555419922}, {'max_kvpr': 0.03433001107419712, 'execution_time': 0.0002617835998535156}, {'max_kvpr': 0.04379251700680272, 'execution_time': 0.00025200843811035156}, {'max_kvpr': 0.05811965811965812, 'execution_time': 0.00020694732666015625}, {'max_kvpr': 0.03875968992248062, 'execution_time': 0.00018787384033203125}, {'max_kvpr': 0.04583333333333334, 'execution_time': 0.0002655982971191406}, {'max_kvpr': 0.05416666666666667, 'execution_time': 0.0001919269561767578}, {'max_kvpr': 0.037448559670781895, 'execution_time': 0.00018095970153808594}, {'max_kvpr': 0.03881987577639752, 'execution_time': 0.00016760826110839844}, {'max_kvpr': 0.03333333333333333, 'execution_time': 0.00019168853759765625}, {'max_kvpr': 0.03979328165374677, 'execution_time': 0.00014710426330566406}]
[{'max_kvpr': 0.05782312925170068, 'execution_time': 0.00034546852111816406}, {'max_kvpr': 0.0453781512605042, 'execution_time': 0.00019121170043945312}, {'max_kvpr': 0.0373015873015873, 'execution_time': 0.00015020370483398438}, {'max_kvpr': 0.041666666666666664, 'execution_time': 0.00013375282287597656}, {'max_kvpr': 0.04242424242424242, 'execution_time': 0.00017547607421875}, {'max_kvpr': 0.045058883768561195, 'execution_time': 0.00013947486877441406}, {'max_kvpr': 0.04464285714285714, 'execution_time': 0.0001373291015625}, {'max_kvpr': 0.03914141414141414, 'execution_time': 0.00011038780212402344}, {'max_kvpr': 0.03229166666666666, 'execution_time': 0.0001251697540283203}, {'max_kvpr': 0.04597701149425287, 'execution_time': 0.0001437664031982422}, {'max_kvpr': 0.05238095238095238, 'execution_time': 0.00010585784912109375}, {'max_kvpr': 0.042682926829268296, 'execution_time': 0.0001933574676513672}, {'max_kvpr': 0.06164874551971326, 'execution_time': 0.00017714500427246094}, {'max_kvpr': 0.06476190476190476, 'execution_time': 0.00016689300537109375}, {'max_kvpr': 0.041836734693877546, 'execution_time': 0.0001709461212158203}, {'max_kvpr': 0.03666666666666667, 'execution_time': 0.00016498565673828125}, {'max_kvpr': 0.052083333333333336, 'execution_time': 0.00015926361083984375}, {'max_kvpr': 0.0554054054054054, 'execution_time': 0.00017333030700683594}, {'max_kvpr': 0.045454545454545456, 'execution_time': 0.00018262863159179688}, {'max_kvpr': 0.05197132616487456, 'execution_time': 0.00016236305236816406}, {'max_kvpr': 0.06558641975308642, 'execution_time': 0.0002300739288330078}, {'max_kvpr': 0.04583333333333333, 'execution_time': 0.0001785755157470703}, {'max_kvpr': 0.028505291005291002, 'execution_time': 0.00014662742614746094}, {'max_kvpr': 0.03746031746031746, 'execution_time': 0.0001862049102783203}, {'max_kvpr': 0.047619047619047616, 'execution_time': 0.00017333030700683594}, {'max_kvpr': 0.05384615384615385, 'execution_time': 0.00021839141845703125}, {'max_kvpr': 0.0369047619047619, 'execution_time': 0.0002739429473876953}, {'max_kvpr': 0.06798029556650245, 'execution_time': 0.00018858909606933594}, {'max_kvpr': 0.04377104377104377, 'execution_time': 0.0002617835998535156}, {'max_kvpr': 0.0586734693877551, 'execution_time': 0.0003323554992675781}, {'max_kvpr': 0.0421455938697318, 'execution_time': 0.00020503997802734375}, {'max_kvpr': 0.04183006535947712, 'execution_time': 0.0001728534698486328}, {'max_kvpr': 0.02837902837902838, 'execution_time': 0.000152587890625}, {'max_kvpr': 0.05793650793650794, 'execution_time': 0.0001480579376220703}, {'max_kvpr': 0.04301075268817204, 'execution_time': 0.00013065338134765625}, {'max_kvpr': 0.05797101449275362, 'execution_time': 0.00016736984252929688}, {'max_kvpr': 0.035577449370552815, 'execution_time': 0.00014543533325195312}, {'max_kvpr': 0.04504608294930875, 'execution_time': 0.0002567768096923828}, {'max_kvpr': 0.04473304473304473, 'execution_time': 0.00016236305236816406}, {'max_kvpr': 0.04539007092198581, 'execution_time': 0.0001983642578125}, {'max_kvpr': 0.04609929078014184, 'execution_time': 0.00018477439880371094}, {'max_kvpr': 0.05811965811965812, 'execution_time': 0.0001404285430908203}, {'max_kvpr': 0.043209876543209874, 'execution_time': 0.0001461505889892578}, {'max_kvpr': 0.04924242424242424, 'execution_time': 0.00017333030700683594}, {'max_kvpr': 0.060699588477366256, 'execution_time': 0.0001347064971923828}, {'max_kvpr': 0.04097222222222222, 'execution_time': 0.00014328956604003906}, {'max_kvpr': 0.04301075268817204, 'execution_time': 0.00015163421630859375}, {'max_kvpr': 0.03888888888888889, 'execution_time': 0.00023889541625976562}, {'max_kvpr': 0.04372427983539095, 'execution_time': 0.00019168853759765625}, {'max_kvpr': 0.04618055555555555, 'execution_time': 0.0001354217529296875}]
